login as: kruszewskim
kruszewskim@213.184.8.36's password:
Linux bad2 4.10.17-1-pve #1 SMP PVE 4.10.17-16 (Tue, 11 Jul 2017 09:55:44 +0200)              x86_64

The programs included with the Debian GNU/Linux system are free software;
the exact distribution terms for each program are described in the
individual files in /usr/share/doc/*/copyright.

Debian GNU/Linux comes with ABSOLUTELY NO WARRANTY, to the extent
permitted by applicable law.
Last login: Thu Oct 27 12:46:29 2022 from 213.184.8.151
kruszewskim@bad2:~$ ALTER USER IDENTIFIED BY
-bash: ALTER: command not found
kruszewskim@bad2:~$ ALTER USER
-bash: ALTER: command not found
kruszewskim@bad2:~$ SHOW DATABASES
-bash: SHOW: command not found
kruszewskim@bad2:~$ passwd
Changing password for kruszewskim.
(current) UNIX password:

passwd: Authentication token manipulation error
passwd: password unchanged
kruszewskim@bad2:~$
kruszewskim@bad2:~$
kruszewskim@bad2:~$
kruszewskim@bad2:~$
kruszewskim@bad2:~$
kruszewskim@bad2:~$
kruszewskim@bad2:~$ alter user
-bash: alter: command not found
kruszewskim@bad2:~$ show databases
-bash: show: command not found
kruszewskim@bad2:~$ help
GNU bash, version 4.4.12(1)-release (x86_64-pc-linux-gnu)
These shell commands are defined internally.  Type `help' to see this list.
Type `help name' to find out more about the function `name'.
Use `info bash' to find out more about the shell in general.
Use `man -k' or `info' to find out more about commands not in this list.

A star (*) next to a name means that the command is disabled.

 job_spec [&]                            history [-c] [-d offset] [n] or hist>
 (( expression ))                        if COMMANDS; then COMMANDS; [ elif C>
 . filename [arguments]                  jobs [-lnprs] [jobspec ...] or jobs >
 :                                       kill [-s sigspec | -n signum | -sigs>
 [ arg... ]                              let arg [arg ...]
 [[ expression ]]                        local [option] name[=value] ...
 alias [-p] [name[=value] ... ]          logout [n]
 bg [job_spec ...]                       mapfile [-d delim] [-n count] [-O or>
 bind [-lpsvPSVX] [-m keymap] [-f file>  popd [-n] [+N | -N]
 break [n]                               printf [-v var] format [arguments]
 builtin [shell-builtin [arg ...]]       pushd [-n] [+N | -N | dir]
 caller [expr]                           pwd [-LP]
 case WORD in [PATTERN [| PATTERN]...)>  read [-ers] [-a array] [-d delim] [->
 cd [-L|[-P [-e]] [-@]] [dir]            readarray [-n count] [-O origin] [-s>
 command [-pVv] command [arg ...]        readonly [-aAf] [name[=value] ...] o>
 compgen [-abcdefgjksuv] [-o option] [>  return [n]
 complete [-abcdefgjksuv] [-pr] [-DE] >  select NAME [in WORDS ... ;] do COMM>
 compopt [-o|+o option] [-DE] [name ..>  set [-abefhkmnptuvxBCHP] [-o option->
 continue [n]                            shift [n]
 coproc [NAME] command [redirections]    shopt [-pqsu] [-o] [optname ...]
 declare [-aAfFgilnrtux] [-p] [name[=v>  source filename [arguments]
 dirs [-clpv] [+N] [-N]                  suspend [-f]
 disown [-h] [-ar] [jobspec ... | pid >  test [expr]
 echo [-neE] [arg ...]                   time [-p] pipeline
 enable [-a] [-dnps] [-f filename] [na>  times
 eval [arg ...]                          trap [-lp] [[arg] signal_spec ...]
 exec [-cl] [-a name] [command [argume>  true
 exit [n]                                type [-afptP] name [name ...]
 export [-fn] [name[=value] ...] or ex>  typeset [-aAfFgilnrtux] [-p] name[=v>
 false                                   ulimit [-SHabcdefiklmnpqrstuvxPT] [l>
 fc [-e ename] [-lnr] [first] [last] o>  umask [-p] [-S] [mode]
 fg [job_spec]                           unalias [-a] name [name ...]
 for NAME [in WORDS ... ] ; do COMMAND>  unset [-f] [-v] [-n] [name ...]
 for (( exp1; exp2; exp3 )); do COMMAN>  until COMMANDS; do COMMANDS; done
 function name { COMMANDS ; } or name >  variables - Names and meanings of so>
 getopts optstring name [arg]            wait [-n] [id ...]
 hash [-lr] [-p pathname] [-dt] [name >  while COMMANDS; do COMMANDS; done
 help [-dms] [pattern ...]               { COMMANDS ; }
kruszewskim@bad2:~$ mysql -u kruszewskim -p
Enter password:
ERROR 1045 (28000): Access denied for user 'kruszewskim'@'localhost' (using passwor          d: YES)
kruszewskim@bad2:~$ mysql -u kruszewskim -p
Enter password:
ERROR 1045 (28000): Access denied for user 'kruszewskim'@'localhost' (using passwor          d: YES)
kruszewskim@bad2:~$ mysql -u kruszewskim -p
Enter password:
ERROR 1045 (28000): Access denied for user 'kruszewskim'@'localhost' (using passwor          d: YES)
kruszewskim@bad2:~$ mysql -u kruszewskim -p
Enter password:
ERROR 1045 (28000): Access denied for user 'kruszewskim'@'localhost' (using password: NO)
kruszewskim@bad2:~$ mysql -u kruszewskim -p
Enter password:
ERROR 1045 (28000): Access denied for user 'kruszewskim'@'localhost' (using password: NO)
kruszewskim@bad2:~$ mysql -u kruszewskim -p
Enter password:
ERROR 1045 (28000): Access denied for user 'kruszewskim'@'localhost' (using password: YES)
kruszewskim@bad2:~$ mysql -u kruszewskim -p
Enter password:
ERROR 1045 (28000): Access denied for user 'kruszewskim'@'localhost' (using password: YES)
kruszewskim@bad2:~$ mysql -u kruszewskim -p
Enter password:
ERROR 1045 (28000): Access denied for user 'kruszewskim'@'localhost' (using password: YES)
kruszewskim@bad2:~$ passwd
Changing password for kruszewskim.
(current) UNIX password:
Enter new UNIX password:
Retype new UNIX password:
Bad: new password is too simple
Enter new UNIX password:
Retype new UNIX password:
passwd: password updated successfully
kruszewskim@bad2:~$ mysql -u kruszewskim -p
Enter password:
ERROR 1045 (28000): Access denied for user 'kruszewskim'@'localhost' (using password: YES)
kruszewskim@bad2:~$ mysql -u kruszewskim -p
Enter password:
Welcome to the MySQL monitor.  Commands end with ; or \g.
Your MySQL connection id is 2534
Server version: 8.0.22 MySQL Community Server - GPL

Copyright (c) 2000, 2020, Oracle and/or its affiliates. All rights reserved.

Oracle is a registered trademark of Oracle Corporation and/or its
affiliates. Other names may be trademarks of their respective
owners.

Type 'help;' or '\h' for help. Type '\c' to clear the current input statement.

mysql> SHOW DATABASES;
+--------------------+
| Database           |
+--------------------+
| information_schema |
| kruszewskim        |
+--------------------+
2 rows in set (0.00 sec)

mysql> use drozdap
ERROR 1044 (42000): Access denied for user 'kruszewskim'@'localhost' to database 'drozdap'
mysql> use drozdap
ERROR 1044 (42000): Access denied for user 'kruszewskim'@'localhost' to database 'drozdap'
mysql> USE kruszewskim
Database changed
mysql> SHOW DATABASES;
+--------------------+
| Database           |
+--------------------+
| information_schema |
| kruszewskim        |
+--------------------+
2 rows in set (0.01 sec)

mysql> SHOW TABLES;
Empty set (0.00 sec)

mysql> CREATE TABLE postacie
    -> ;
ERROR 1113 (42000): A table must have at least 1 column
mysql> CREATE TABLE postacie
    -> (id_postaci INT NOT NULL AUTO_INCREMENT PRIMARY KEY,nazwa VARCHAR(40),rodzaj ENUM('wiking','ptak','kobieta'),data_ur DATA,wiek INT UNSIGNED(id_postaci INT NOT NULL AUTO_INCREMENT
PRIMARY KEY,nazwa VARCHAR(40),rodzaj ENUM('wiking','ptak','kobieta'),data_ur DATA,wiek INT UNSIGNED))
    -> (id_postaci INT NOT NULL AUTO_INCREMENT PRIMARY KEY,nazwa VARCHAR(40),rodzaj ENUM('wiking','ptak','kobieta'),data_ur DATA,wiek INT UNSIGNED(id_postaci INT NOT NULL AUTO_INCREMENT
PRIMARY KEY,nazwa VARCHAR(40),rodzaj ENUM('wiking','ptak','kobieta'),data_ur DATA,wiek INT UNSIGNED)
    ->
    ->
    ->
    ->
    ->
    ->
    ->
    ->
    -> ;
ERROR 1064 (42000): You have an error in your SQL syntax; check the manual that corresponds to your MySQL server version for the right syntax to use near 'DATA,wiek INT UNSIGNED(id_postaci INT NOT NULL AUTO_INCREMENT PRIMARY KEY,nazwa ' at line 2
mysql> mysql> (id_postaci INT NOT NULL AUTO_INCREMENT PRIMARY KEY,nazwa VARCHAR(40),rodzaj ENUM('wikmysql> (id_postaci INT NOT NULL AUTO_INCREMENT PRIMARY KEY,nazwa VARCHAR(40),rodzaj ENUM('wik
[1]+  Stopped                 mysql -u kruszewskim -p
kruszewskim@bad2:~$ -u kruszewskim -p
-bash: -u: command not found
kruszewskim@bad2:~$
kruszewskim@bad2:~$ mysql -u kruszewskim -p
Enter password:
ERROR 1045 (28000): Access denied for user 'kruszewskim'@'localhost' (using password: YES)
kruszewskim@bad2:~$ mysql -u kruszewskim -p
Enter password:
Welcome to the MySQL monitor.  Commands end with ; or \g.
Your MySQL connection id is 2549
Server version: 8.0.22 MySQL Community Server - GPL

Copyright (c) 2000, 2020, Oracle and/or its affiliates. All rights reserved.

Oracle is a registered trademark of Oracle Corporation and/or its
affiliates. Other names may be trademarks of their respective
owners.

Type 'help;' or '\h' for help. Type '\c' to clear the current input statement.

mysql> (id_postaci INT NOT NULL AUTO_INCREMENT PRIMARY KEY,nazwa VARCHAR(40),rodzaj ENUM('wiking','ptak','kobieta'),data_ur DATA,wiek INT UNSIGNED(id_postaci INT NOT NULL AUTO_INCREMENT
    -> PRIMARY KEY,nazwa VARCHAR(40),rodzaj ENUM('wiking','ptak','kobieta'),data_ur DATA,wiek INT UNSIGNED)
    ->
    -> ;
ERROR 1064 (42000): You have an error in your SQL syntax; check the manual that corresponds to your MySQL server version for the right syntax to use near 'id_postaci INT NOT NULL AUTO_INCREMENT PRIMARY KEY,nazwa VARCHAR(40),rodzaj ENUM' at line 1
mysql> CREATE TABLE postacie(id_postaci INT NOT NULL AUTO_INCREMENT PRIMARY KEY,nazwa VARCHAR(40),rodzaj ENUM('wiking','ptak','kobieta'),data_ur DATA,wiek INT UNSIGNED(id_postaci INT NOT NULL AUTO_INCREMENT
    -> PRIMARY KEY,nazwa VARCHAR(40),rodzaj ENUM('wiking','ptak','kobieta'),data_ur DATA,wiek INT UNSIGNED)
    -> ;
ERROR 1064 (42000): You have an error in your SQL syntax; check the manual that corresponds to your MySQL server version for the right syntax to use near 'DATA,wiek INT UNSIGNED(id_postaci INT NOT NULL AUTO_INCREMENT
PRIMARY KEY,nazwa ' at line 1
mysql> ;
ERROR:
No query specified

mysql> (id_postaci INT NOT NULL AUTO_INCREMENT PRIMARY KEY,nazwa VARCHAR(40),rodzaj ENUM('wiking','ptak','kobieta'),data_ur DATA,wiek INT UNSIGNED(id_postaci INT NOT NULL AUTO_INCREMENT
    -> PRIMARY KEY,nazwa VARCHAR(40),rodzaj ENUM('wiking','ptak','kobieta'),data_ur DATA,wiek INT UNSIGNED);
ERROR 1064 (42000): You have an error in your SQL syntax; check the manual that corresponds to your MySQL server version for the right syntax to use near 'id_postaci INT NOT NULL AUTO_INCREMENT PRIMARY KEY,nazwa VARCHAR(40),rodzaj ENUM' at line 1
mysql> CREATE TABLE postacie (id_postaci INT AUTO_INCREMENT NOT NULL PRIMARY KEY,nazwa VARCHAR(40),rodzaj ENUM('wiking','ptak','kobieta'),data_ur DATE,wiek INT UNSIGNED);
ERROR 1046 (3D000): No database selected
mysql> use kruszewskim
Database changed
mysql> CREATE TABLE postacie (id_postaci INT AUTO_INCREMENT NOT NULL PRIMARY KEY,nazwa VARCHAR(40),rodzaj ENUM('wiking','ptak','kobieta'),data_ur DATE,wiek INT UNSIGNED);
Query OK, 0 rows affected (0.02 sec)

mysql> SHOW TABLE
    -> ;
ERROR 1064 (42000): You have an error in your SQL syntax; check the manual that corresponds to your MySQL server version for the right syntax to use near '' at line 1
mysql> SHOW TABLES postacie;
ERROR 1064 (42000): You have an error in your SQL syntax; check the manual that corresponds to your MySQL server version for the right syntax to use near 'postacie' at line 1
mysql> SHOW TABLES;
+-----------------------+
| Tables_in_kruszewskim |
+-----------------------+
| postacie              |
+-----------------------+
1 row in set (0.02 sec)

mysql> DESC postacie;
+------------+---------------------------------+------+-----+---------+----------------+
| Field      | Type                            | Null | Key | Default | Extra          |
+------------+---------------------------------+------+-----+---------+----------------+
| id_postaci | int                             | NO   | PRI | NULL    | auto_increment |
| nazwa      | varchar(40)                     | YES  |     | NULL    |                |
| rodzaj     | enum('wiking','ptak','kobieta') | YES  |     | NULL    |                |
| data_ur    | date                            | YES  |     | NULL    |                |
| wiek       | int unsigned                    | YES  |     | NULL    |                |
+------------+---------------------------------+------+-----+---------+----------------+
5 rows in set (0.00 sec)

mysql> CREATE TABLE postacie (id_postaci INT AUTO_INCREMENT NOT NULL PRIMARY KEY,nazwa VARCHAR(40),rodzaj ENUM('wiking','ptak','kobieta'),data_ur DATE,wiek INT UNSIGNED);CREATE TABLE postacie (id_postaci INT AUTO_INCREMENT NOT NULL PRIMARY KEY,nazwa VARCHAR(40),rodzaj ENUM('wiking','ptak','kobieta'),data_ur DATE,wiek INT UNSIGNED);
ERROR 1050 (42S01): Table 'postacie' already exists
ERROR 1050 (42S01): Table 'postacie' already exists
mysql> +------------+---------------------------------+------+-----+---------+---------------
    -> | Field      | Type                            | Null | Key | Default | Extra
    -> +------------+---------------------------------+------+-----+---------+---------------
    -> | id_postaci | int                             | NO   | PRI | NULL    | auto_increment
    -> | nazwa      | varchar(40)                     | YES  |     | NULL    |
    -> | rodzaj     | enum('wiking','ptak','kobieta') | YES  |     | NULL    |
    -> | data_ur    | date                            | YES  |     | NULL    |
    -> | wiek       | int unsigned                    | YES  |     | NULL    |
    -> +------------+---------------------------------+------+-----+---------+---------------
    -> +-----------------------+
    -> | Tables_in_kruszewskim |
    -> +-----------------------+
    -> | postacie              |
    -> +-----------------------+
    -> ;
ERROR 1064 (42000): You have an error in your SQL syntax; check the manual that corresponds t------------+------+-----+---------+---------' at line 1
mysql> DESC postacie;
+------------+---------------------------------+------+-----+---------+----------------+
| Field      | Type                            | Null | Key | Default | Extra          |
+------------+---------------------------------+------+-----+---------+----------------+
| id_postaci | int                             | NO   | PRI | NULL    | auto_increment |
| nazwa      | varchar(40)                     | YES  |     | NULL    |                |
| rodzaj     | enum('wiking','ptak','kobieta') | YES  |     | NULL    |                |
| data_ur    | date                            | YES  |     | NULL    |                |
| wiek       | int unsigned                    | YES  |     | NULL    |                |
+------------+---------------------------------+------+-----+---------+----------------+
5 rows in set (0.00 sec)

mysql> INSERT INTO postacie (nazwa) Bjorn,Drozd,Tesciowa
    -> ;
ERROR 1064 (42000): You have an error in your SQL syntax; check the manual that corresponds to your MySQL server version for the right syntax to use near 'Bjorn,Drozd,Tesciowa' at line 1
mysql> INSERT INTO postacie (nazwa) Bjorn,Drozd,Tesciowa;
ERROR 1064 (42000): You have an error in your SQL syntax; check the manual that corresponds to your MySQL server version for the right syntax to use near 'Bjorn,Drozd,Tesciowa' at line 1
mysql> INSERT INTO postacie (nazwa,rodzaj,data_ur,wiek)
    -> values('Bjorn','wiking','1788-05-03','69')
    -> ;
Query OK, 1 row affected (0.00 sec)

mysql> DESC POSTACIE
    -> ;
ERROR 1146 (42S02): Table 'kruszewskim.POSTACIE' doesn't exist
mysql> DESC postacie;
+------------+---------------------------------+------+-----+---------+----------------+
| Field      | Type                            | Null | Key | Default | Extra          |
+------------+---------------------------------+------+-----+---------+----------------+
| id_postaci | int                             | NO   | PRI | NULL    | auto_increment |
| nazwa      | varchar(40)                     | YES  |     | NULL    |                |
| rodzaj     | enum('wiking','ptak','kobieta') | YES  |     | NULL    |                |
| data_ur    | date                            | YES  |     | NULL    |                |
| wiek       | int unsigned                    | YES  |     | NULL    |                |
+------------+---------------------------------+------+-----+---------+----------------+
5 rows in set (0.00 sec)

mysql> select * from postacie;
+------------+-------+--------+------------+------+
| id_postaci | nazwa | rodzaj | data_ur    | wiek |
+------------+-------+--------+------------+------+
|          1 | Bjorn | wiking | 1788-05-03 |   69 |
+------------+-------+--------+------------+------+
1 row in set (0.00 sec)

mysql> INSERT INTO postacie (nazwa,rodzaj,data_ur,wiek) values('Drozd','ptak','1808-11-02','1
Query OK, 1 row affected (0.00 sec)

mysql> select * from postacie;
+------------+-------+--------+------------+------+
| id_postaci | nazwa | rodzaj | data_ur    | wiek |
+------------+-------+--------+------------+------+
|          1 | Bjorn | wiking | 1788-05-03 |   69 |
|          2 | Drozd | ptak   | 1808-11-02 |   10 |
+------------+-------+--------+------------+------+
2 rows in set (0.00 sec)

mysql> INSERT INTO postacie (nazwa,rodzaj,data_ur,wiek) values('Tesciowa','kobieta','1754-07-
Query OK, 1 row affected (0.00 sec)

mysql> select * from postacie;
+------------+----------+---------+------------+------+
| id_postaci | nazwa    | rodzaj  | data_ur    | wiek |
+------------+----------+---------+------------+------+
|          1 | Bjorn    | wiking  | 1788-05-03 |   69 |
|          2 | Drozd    | ptak    | 1808-11-02 |   10 |
|          3 | Tesciowa | kobieta | 1754-07-12 |   69 |
+------------+----------+---------+------------+------+
3 rows in set (0.00 sec)

mysql> UPDATE data_ur VALUES('69','10','88')
    -> ;
ERROR 1064 (42000): You have an error in your SQL syntax; check the manual that corresponds t
mysql> UPDATE postacie SET data_ur 88 WHERE 69;
ERROR 1064 (42000): You have an error in your SQL syntax; check the manual that corresponds t
mysql> UPDATE postacie
    -> SET wiek = '88'
    -> WHERE id = 3
    -> ;
ERROR 1054 (42S22): Unknown column 'id' in 'where clause'
mysql> UPDATE postacie
    -> SET wiek = '69'
    -> WHERE id_postaci = 3
    -> ;
Query OK, 0 rows affected (0.00 sec)
Rows matched: 1  Changed: 0  Warnings: 0

mysql> select * from postacie;
+------------+----------+---------+------------+------+
| id_postaci | nazwa    | rodzaj  | data_ur    | wiek |
+------------+----------+---------+------------+------+
|          1 | Bjorn    | wiking  | 1788-05-03 |   69 |
|          2 | Drozd    | ptak    | 1808-11-02 |   10 |
|          3 | Tesciowa | kobieta | 1754-07-12 |   69 |
+------------+----------+---------+------------+------+
3 rows in set (0.00 sec)

mysql> UPDATE postacie SET wiek = '88' WHERE id_postaci = 3;
Query OK, 1 row affected (0.00 sec)
Rows matched: 1  Changed: 1  Warnings: 0

mysql> select * from postacie;
+------------+----------+---------+------------+------+
| id_postaci | nazwa    | rodzaj  | data_ur    | wiek |
+------------+----------+---------+------------+------+
|          1 | Bjorn    | wiking  | 1788-05-03 |   69 |
|          2 | Drozd    | ptak    | 1808-11-02 |   10 |
|          3 | Tesciowa | kobieta | 1754-07-12 |   88 |
+------------+----------+---------+------------+------+
3 rows in set (0.00 sec)

mysql> mysql> INSERT INTO postacie (nazwa,rodzaj,data_ur,wiek)
    ->     -> values('Bjorn','wiking','1788-05-03','69')
    ->     -> ;
ERROR 1064 (42000): You have an error in your SQL syntax; check the manual that corresponds to your MySQL server version for the right syntax to use near 'mysql> INSERT INTO postacie (nazwa,rodzaj,data_ur,wiek)
    -> values('Bjorn','w' at line 1
mysql> mysql> select * from postacie;
+------------+-------+--------+------------+------+
| id_postaci | nazwa | rodzaj | data_ur    | wiek |
+------------+-------+--------+------------+------+
|          1 | Bjorn | wiking | 1788-05-03 |   69 |
ERROR 1064 (42000): +------------+-------+--------+------------+------+
You have an error in your SQL syntax; check the manual that corresponds to your MySQL server version for the right syntax to use near 'mysql> select * from postacie' at line 1
mysql> +------------+-------+--------+------------+------+
    -> | id_postaci | nazwa | rodzaj | data_ur    | wiek |
    -> +------------+-------+--------+------------+------+
    -> |          1 | Bjorn | wiking | 1788-05-03 |   69 |
    -> +------------+-------+--------+------------+------+
    -> mysql> INSERT INTO postacie (nazwa,rodzaj,data_ur,wiek) values('Drozd','ptak','1808-11-02','1
mysql> select * from postacie;
    '> Query OK, 1 row affected (0.00 sec)
    '>
    '> mysql> select * from postacie;
    '> +------------+-------+--------+------------+------+
    '> | id_postaci | nazwa | rodzaj | data_ur    | wiek |
    '> +------------+-------+--------+------------+------+
    '> |          1 | Bjorn | wiking | 1788-05-03 |   69 |
    '> |          2 | Drozd | ptak   | 1808-11-02 |   10 |
    '> +------------+-------+--------+------------+------+
    '> 2 rows in set (0.00 sec)
    '>
    '> mysql> INSERT INTO postacie (nazwa,rodzaj,data_ur,wiek) values('Tesciowa','kobieta','1754-07-
    -> Query OK, 1 row affected (0.00 sec)
    ->
    -> mysql> select * from postacie;
ERROR 1064 (42000): You have an error in your SQL syntax; check the manual that corresponds to your MySQL server version for the right syntax to use near '+------------+-------+--------+------------+------+
| id_postaci | nazwa | rodza' at line 1
mysql> +------------+----------+---------+------------+------+
    -> | id_postaci | nazwa    | rodzaj  | data_ur    | wiek |
    -> +------------+----------+---------+------------+------+
    -> |          1 | Bjorn    | wiking  | 1788-05-03 |   69 |
    -> |          2 | Drozd    | ptak    | 1808-11-02 |   10 |
    -> |          3 | Tesciowa | kobieta | 1754-07-12 |   69 |
    -> +------------+----------+---------+------------+------+
    -> 3 rows in set (0.00 sec)
    -> mysql> UPDATE postacie SET wiek = '88' WHERE id_postaci = 3;
3 rows in set (0.00 sec)
ERROR 1064 (42000): You have an error in your SQL syntax; check the manual that corresponds to your MySQL server version for the right syntax to use near '+------------+----------+---------+------------+------+
| id_postaci | nazwa    ' at line 1
mysql> Query OK, 1 row affected (0.00 sec)
    -> Rows matched: 1  Changed: 1  Warnings: 0
    ->
    -> mysql> select * from postacie;
ERROR 1064 (42000): You have an error in your SQL syntax; check the manual that corresponds to your MySQL server version for the right syntax to use near 'Query OK, 1 row affected (0.00 sec)
Rows matched: 1  Changed: 1  Warnings: 0

my' at line 1
mysql> +------------+----------+---------+------------+------+
    -> | id_postaci | nazwa    | rodzaj  | data_ur    | wiek |
    -> +------------+----------+---------+------------+------+
    -> |          1 | Bjorn    | wiking  | 1788-05-03 |   69 |
    -> |          2 | Drozd    | ptak    | 1808-11-02 |   10 |
    -> |          3 | Tesciowa | kobieta | 1754-07-12 |   88 |
    -> +------------+----------+---------+------------+------+
    -> 3 rows in set (0.00 sec)
    -> ;
ERROR 1064 (42000): You have an error in your SQL syntax; check the manual that corresponds to your MySQL server version for the right syntax to use near '+------------+----------+---------+------------+------+
| id_postaci | nazwa    ' at line 1
mysql> CREATE TABLE walizka (id_walizki INT AUTO_INCREMENT NOT NULL PRIMARY KEY,pojemnosc INT UNSIGNED,kolor ENUM('rozowy','czerwony','teczowy','zolty'),id_wlasciciela INT, FOREIGN KEY (id_wlasiciela) REFERENCES postacie(id_postaci) ON DELETE CASCADE);
ERROR 1072 (42000): Key column 'id_wlasiciela' doesn't exist in table
mysql> CREATE TABLE walizka (id_walizki INT AUTO_INCREMENT NOT NULL PRIMARY KEY,pojemnosc INT UNSIGNED,kolor ENUM('rozowy','czerwony','teczowy','zolty'),id_wlasciciela INT, FOREIGN KEY (id_wlasiciela) REFERENCES postacie(id_walizki) ON DELETE CASCADE);
ERROR 1072 (42000): Key column 'id_wlasiciela' doesn't exist in table
mysql> CREATE TABLE walizka (id_walizki INT AUTO_INCREMENT NOT NULL PRIMARY KEY,pojemnosc INT UNSIGNED,kolor ENUM('rozowy','czerwony','teczowy','zolty'),id_wlasciciela INT, FOREIGN KEY (id_wlasiciela) REFERENCES postacie(id_postaci) ON DELETE CASCADE);
ERROR 1072 (42000): Key column 'id_wlasiciela' doesn't exist in table
mysql> CREATE TABLE walizka (id_walizki INT AUTO_INCREMENT NOT NULL PRIMARY KEY,pojemnosc INT UNSIGNED,kolor ENUM('rozowy','czerwony','teczowy','zolty'),id_wlasciciela INT FOREIGN KEY (id_wlasiciela) REFERENCES postacie(id_postaci) ON DELETE CASCADE);
ERROR 1064 (42000): You have an error in your SQL syntax; check the manual that corresponds to your MySQL server version for the right syntax to use near 'FOREIGN KEY (id_wlasiciela) REFERENCES postacie(id_postaci) ON DELETE CASCADE)' at line 1
mysql> CREATE TABLE walizka (id_walizki INT AUTO_INCREMENT NOT NULL PRIMARY KEY,pojemnosc INT UNSIGNED,kolor ENUM('rozowy','czerwony','teczowy','zolty'),id_wlasciciela INT, FOREIGN KEY (id_wlasiciela) REFERENCES postacie(id_postaci) ON DELETE CASCADE);
ERROR 1072 (42000): Key column 'id_wlasiciela' doesn't exist in table
mysql> CREATE TABLE walizka (id_walizki INT AUTO_INCREMENT NOT NULL PRIMARY KEY,pojemnosc INT UNSIGNED,kolor ENUM('rozowy','czerwony','teczowy','zolty'),id_wlasciciela INT, FOREIGN KEY (id_walizki) REFERENCES postacie(id_postaci) ON DELETE CASCADE);
Query OK, 0 rows affected (0.10 sec)

mysql> select * walizki
    -> ;
ERROR 1064 (42000): You have an error in your SQL syntax; check the manual that corresponds to your MySQL server version for the right syntax to use near 'walizki' at line 1
mysql> select * from walizki;
ERROR 1146 (42S02): Table 'kruszewskim.walizki' doesn't exist
mysql> select * from walizka
    -> ;
Empty set (0.00 sec)

mysql> DESC walizka
    -> ;
+----------------+---------------------------------------------+------+-----+---------+----------------+
| Field          | Type                                        | Null | Key | Default | Extra          |
+----------------+---------------------------------------------+------+-----+---------+----------------+
| id_walizki     | int                                         | NO   | PRI | NULL    | auto_increment |
| pojemnosc      | int unsigned                                | YES  |     | NULL    |                |
| kolor          | enum('rozowy','czerwony','teczowy','zolty') | YES  |     | NULL    |                |
| id_wlasciciela | int                                         | YES  |     | NULL    |                |
+----------------+---------------------------------------------+------+-----+---------+----------------+
4 rows in set (0.00 sec)

mysql> ALTER TABLE walizka MODIFY COLUMN kolor VARCHAR(30) DEFAULT 'rozowy'
    -> ;
Query OK, 0 rows affected (0.12 sec)
Records: 0  Duplicates: 0  Warnings: 0

mysql> DESC walizka
    -> ;
+----------------+--------------+------+-----+---------+----------------+
| Field          | Type         | Null | Key | Default | Extra          |
+----------------+--------------+------+-----+---------+----------------+
| id_walizki     | int          | NO   | PRI | NULL    | auto_increment |
| pojemnosc      | int unsigned | YES  |     | NULL    |                |
| kolor          | varchar(30)  | YES  |     | rozowy  |                |
| id_wlasciciela | int          | YES  |     | NULL    |                |
+----------------+--------------+------+-----+---------+----------------+
4 rows in set (0.02 sec)

mysql> ALTER TABLE walizka ALTER COLUMN kolor set DEFAULT 'rozowy'
    -> ;
Query OK, 0 rows affected (0.01 sec)
Records: 0  Duplicates: 0  Warnings: 0

mysql> DESC walizka
    -> ;
+----------------+--------------+------+-----+---------+----------------+
| Field          | Type         | Null | Key | Default | Extra          |
+----------------+--------------+------+-----+---------+----------------+
| id_walizki     | int          | NO   | PRI | NULL    | auto_increment |
| pojemnosc      | int unsigned | YES  |     | NULL    |                |
| kolor          | varchar(30)  | YES  |     | rozowy  |                |
| id_wlasciciela | int          | YES  |     | NULL    |                |
+----------------+--------------+------+-----+---------+----------------+
4 rows in set (0.00 sec)

mysql> mysql> CREATE TABLE walizka (id_walizki INT AUTO_INCREMENT NOT NULL PRIMARY KEY,pojemnosc INT UNSIGNED,kolor ENUM('rozowy','czerwony','teczowy','zolty'),id_wlasciciela INT, FOREIGN KEY (id_walizki) REFERENCES postacie(id_postaci) ON DELETE CASCADE);
| Field          | Type         | Null | Key | Default | Extra          |
+----------------+--------------+------+-----+---------+----------------+
| id_walizki     | int          | NO   | PRI | NULL    | auto_increment |
| pojemnosc      | int unsigned | YES  |     | NULL    |                |
ERROR 1064 (42000): | kolor          | varchar(30)  | YES  |     | rozowy  |                |
| id_wlasciciela | int          | YES  |     | NULL    |                |
+----------------+--------------+------+-----+---------+----------------+
4 rows in set (0.02 sec)
You have an error in your SQL syntax; check the manual that corresponds to your MySQL server version for the right syntax to use near 'mysql> CREATE TABLE walizka (id_walizki INT AUTO_INCREMENT NOT NULL PRIMARY KEY,' at line 1
mysql> ALTER TABLE walizka ALTER COLUMN kolor set DEFAULT 'rozowy'

    -> ;
mysql> Query OK, 0 rows affected (0.10 sec)
    -> ;
    ->
    -> mysql> select * walizki
+----------------+--------------+------+-----+---------+----------------+
    ->     -> ;
| id_walizki     | int          | NO   | PRI | NULL    | auto_increment |
| pojemnosc      | int unsigned | YES  |     | NULL    |                |
ERROR 1064 (42000): You have an error in your SQL syntax; check the manual that corresponds to your MySQL server version for the right syntax to use near 'Query OK, 0 rows affected (0.10 sec)

mysql> select * walizki
    ->' at line 1
| kolor          | varchar(30)  | YES  |     | rozowy  |                |
mysql> ERROR 1064 (42000): You have an error in your SQL syntax; check the manual that corresponds to your MySQL server version for the right syntax to use near 'walizki' at line 1
ERROR 1064 (42000): You have an error in your SQL syntax; check the manual that corresponds to your MySQL server version for the right syntax to use near 'ERROR 1064 (42000): You have an error in your SQL syntax' at line 1
    -> mysql> select * from walizki;
ERROR 1064 (42000): You have an error in your SQL syntax; check the manual that corresponds to your MySQL server version for the right syntax to use near 'the manual that corresponds to your MySQL server version for the right syntax to' at line 1
mysql> ERROR 1146 (42S02): Table 'kruszewskim.walizki' doesn't exist
    '> mysql> select * from walizka
    '>     -> ;
    '> Empty set (0.00 sec)
    '>
    '> mysql> DESC walizka
    '>     -> ;
    '> +----------------+---------------------------------------------+------+-----+---------+----------------+
    '> | Field          | Type                                        | Null | Key | Default | Extra          |
    '> +----------------+---------------------------------------------+------+-----+---------+----------------+
    '> | id_walizki     | int                                         | NO   | PRI | NULL    | auto_increment |
    '> | pojemnosc      | int unsigned                                | YES  |     | NULL    |                |
    '> | kolor          | enum('rozowy','czerwony','teczowy','zolty') | YES  |     | NULL    |                |
    '> | id_wlasciciela | int                                         | YES  |     | NULL    |                |
    '> +----------------+---------------------------------------------+------+-----+---------+----------------+
    '> 4 rows in set (0.00 sec)
    '>
    '> mysql> ALTER TABLE walizka MODIFY COLUMN kolor VARCHAR(30) DEFAULT 'rozowy'
    '>     -> ;
    '> Query OK, 0 rows affected (0.12 sec)
    '> Records: 0  Duplicates: 0  Warnings: 0
    '>
    '> mysql> DESC walizka
    '>     -> ;
    '> +----------------+--------------+------+-----+---------+----------------+
    '> | Field          | Type         | Null | Key | Default | Extra          |
    '> +----------------+--------------+------+-----+---------+----------------+
    '> | id_walizki     | int          | NO   | PRI | NULL    | auto_increment |
    '> | pojemnosc      | int unsigned | YES  |     | NULL    |                |
    '> | kolor          | varchar(30)  | YES  |     | rozowy  |                |
    '> | id_wlasciciela | int          | YES  |     | NULL    |                |
    '> +----------------+--------------+------+-----+---------+----------------+
    '> 4 rows in set (0.02 sec)
    '>
    '> mysql> ALTER TABLE walizka ALTER COLUMN kolor set DEFAULT 'rozowy'
    '>     -> ;
    '> Query OK, 0 rows affected (0.01 sec)
    '> Records: 0  Duplicates: 0  Warnings: 0
    '>
    '> mysql> DESC walizka
    '>     -> ;
    '> +----------------+--------------+------+-----+---------+----------------+
    '> | Field          | Type         | Null | Key | Default | Extra          |
    '> +----------------+--------------+------+-----+---------+----------------+
    '> | id_walizki     | int          | NO   | PRI | NULL    | auto_increment |
    '> | pojemnosc      | int unsigned | YES  |     | NULL    |                |
    '> | kolor          | varchar(30)  | YES  |     | rozowy  |                |
    '> | id_wlasciciela | int          | YES  |     | NULL    |                |
    '> +----------------+--------------+------+-----+---------+----------------+
    '> 4 rows in set (0.00 sec)
    '> mysql> select * from walizki;
    '> ;
    '> ;
    '> ;
    '> ;
    '> ;
    '> ;
    '> ;
    '> ;
    '> ;
    '> ;
    '> ;
    '> ;
    '>
[2]+  Stopped                 mysql -u kruszewskim -p
kruszewskim@bad2:~$ mysql -u kruszewskim -p
Enter password:
ERROR 1045 (28000): Access denied for user 'kruszewskim'@'localhost' (using password: YES)
kruszewskim@bad2:~$ mysql -u kruszewskim -p
Enter password:
Welcome to the MySQL monitor.  Commands end with ; or \g.
Your MySQL connection id is 2563
Server version: 8.0.22 MySQL Community Server - GPL

Copyright (c) 2000, 2020, Oracle and/or its affiliates. All rights reserved.

Oracle is a registered trademark of Oracle Corporation and/or its
affiliates. Other names may be trademarks of their respective
owners.

Type 'help;' or '\h' for help. Type '\c' to clear the current input statement.

mysql> show tables
    -> ;
ERROR 1046 (3D000): No database selected
mysql> use kruszewskim
Reading table information for completion of table and column names
You can turn off this feature to get a quicker startup with -A

Database changed
mysql> show tables
    -> ;
+-----------------------+
| Tables_in_kruszewskim |
+-----------------------+
| postacie              |
| walizka               |
+-----------------------+
2 rows in set (0.04 sec)

mysql> select * from walizki;
ERROR 1146 (42S02): Table 'kruszewskim.walizki' doesn't exist
mysql> select * from walizka;
Empty set (0.00 sec)

mysql> DESC walizka;
+----------------+--------------+------+-----+---------+----------------+
| Field          | Type         | Null | Key | Default | Extra          |
+----------------+--------------+------+-----+---------+----------------+
| id_walizki     | int          | NO   | PRI | NULL    | auto_increment |
| pojemnosc      | int unsigned | YES  |     | NULL    |                |
| kolor          | varchar(30)  | YES  |     | rozowy  |                |
| id_wlasciciela | int          | YES  |     | NULL    |                |
+----------------+--------------+------+-----+---------+----------------+
4 rows in set (0.00 sec)

mysql> DESC postacie
    -> ;
+------------+---------------------------------+------+-----+---------+----------------+
| Field      | Type                            | Null | Key | Default | Extra          |
+------------+---------------------------------+------+-----+---------+----------------+
| id_postaci | int                             | NO   | PRI | NULL    | auto_increment |
| nazwa      | varchar(40)                     | YES  |     | NULL    |                |
| rodzaj     | enum('wiking','ptak','kobieta') | YES  |     | NULL    |                |
| data_ur    | date                            | YES  |     | NULL    |                |
| wiek       | int unsigned                    | YES  |     | NULL    |                |
+------------+---------------------------------+------+-----+---------+----------------+
5 rows in set (0.01 sec)

mysql> UPDATE walizka SET kolor = 'rozowy' WHERE id_walizki = '3'
    -> ;
Query OK, 0 rows affected (0.00 sec)
Rows matched: 0  Changed: 0  Warnings: 0

mysql> UPDATE walizka SET kolor = 'czerwony' WHERE id_walizki = '1';
Query OK, 0 rows affected (0.00 sec)
Rows matched: 0  Changed: 0  Warnings: 0

mysql> select * from walizki;
ERROR 1146 (42S02): Table 'kruszewskim.walizki' doesn't exist
mysql> select * from walizka;
Empty set (0.00 sec)

mysql> select * from postacie;
+------------+----------+---------+------------+------+
| id_postaci | nazwa    | rodzaj  | data_ur    | wiek |
+------------+----------+---------+------------+------+
|          1 | Bjorn    | wiking  | 1788-05-03 |   69 |
|          2 | Drozd    | ptak    | 1808-11-02 |   10 |
|          3 | Tesciowa | kobieta | 1754-07-12 |   88 |
+------------+----------+---------+------------+------+
3 rows in set (0.00 sec)

mysql> INSERT INTO walizka (id_walizki,pojemnosc,kolor,id_wlasiciela)
    -> VALUES ('1','60','czerwony','3');
ERROR 1054 (42S22): Unknown column 'id_wlasiciela' in 'field list'
mysql> CREATE TABLE walizka (id_walizki INT AUTO_INCREMENT NOT NULL PRIMARY KEY,pojemnosc INT UNSIGNED,kolor ENUM('rozowy','czerwony','teczowy','zolty'),id_wlasciciela INT, FOREIGN KEY (id_wlasciciela) REFERENCES postacie(id_postaci) ON DELETE CASCADE);
ERROR 1050 (42S01): Table 'walizka' already exists
mysql> UPDATE  TABLE walizka (id_walizki INT AUTO_INCREMENT NOT NULL PRIMARY KEY,pojemnosc IN
T UNSIGNED,kolor ENUM('rozowy','czerwony','teczowy','zolty'),id_wlasciciela INT, FOREIGN KEY
(id_wlasciciela) REFERENCES postacie(id_postaci) ON DELETE CASCADE);
ERROR 1064 (42000): You have an error in your SQL syntax; check the manual that corresponds to your MySQL server version for the right syntax to use near 'TABLE walizka (id_walizki INT AUTO_INCREMENT NOT NULL PRIMARY KEY,pojemnosc INT ' at line 1
mysql> UPDATE TABLE walizka (id_walizki INT AUTO_INCREMENT NOT NULL PRIMARY KEY,pojemnosc INT UNSIGNED,kolor ENUM('rozowy','czerwony','teczowy','zolty'),id_wlasciciela INT, FOREIGN KEY (id_wlasciciela) REFERENCES postacie(id_postaci) ON DELETE CASCADE);
ERROR 1064 (42000): You have an error in your SQL syntax; check the manual that corresponds to your MySQL server version for the right syntax to use near 'TABLE walizka (id_walizki INT AUTO_INCREMENT NOT NULL PRIMARY KEY,pojemnosc INT ' at line 1
mysql> UPDATE TABLE walizka (id_walizki INT AUTO_INCREMENT NOT NULL PRIMARY KEY,pojemnosc INT UNSIGNED,kolor ENUM('rozowy','czerwony','teczowy','zolty'),id_wlasciciela INT, FOREIGN KEY (id_wlasciciela) REFERENCES postacie(id_postaci) ON DELETE CASCADE);
ERROR 1064 (42000): You have an error in your SQL syntax; check the manual that corresponds to your MySQL server version for the right syntax to use near 'TABLE walizka (id_walizki INT AUTO_INCREMENT NOT NULL PRIMARY KEY,pojemnosc INT ' at line 1
mysql> DROP TABLE walizka
    -> ;
Query OK, 0 rows affected (0.01 sec)

mysql> UPDATE TABLE walizka (id_walizki INT AUTO_INCREMENT NOT NULL PRIMARY KEY,pojemnosc INT UNSIGNED,kolor ENUM('rozowy','czerwony','teczowy','zolty'),id_wlasciciela INT, FOREIGN KEY (id_wlasciciela) REFERENCES postacie(id_postaci) ON DELETE CASCADE);
ERROR 1064 (42000): You have an error in your SQL syntax; check the manual that corresponds to your MySQL server version for the right syntax to use near 'TABLE walizka (id_walizki INT AUTO_INCREMENT NOT NULL PRIMARY KEY,pojemnosc INT ' at line 1
mysql> CREATE TABLE walizka (id_walizki INT AUTO_INCREMENT NOT NULL PRIMARY KEY,pojemnosc INT UNSIGNED,kolor ENUM('rozowy','czerwony','teczowy','zolty'),id_wlasciciela INT, FOREIGN KEY (id_wlasciciela) REFERENCES postacie(id_postaci) ON DELETE CASCADE);
Query OK, 0 rows affected (0.04 sec)

mysql> DESC walikza
    -> ;
ERROR 1146 (42S02): Table 'kruszewskim.walikza' doesn't exist
mysql> DESC walizka
    -> ;
+----------------+---------------------------------------------+------+-----+---------+----------------+
| Field          | Type                                        | Null | Key | Default | Extra          |
+----------------+---------------------------------------------+------+-----+---------+----------------+
| id_walizki     | int                                         | NO   | PRI | NULL    | auto_increment |
| pojemnosc      | int unsigned                                | YES  |     | NULL    |                |
| kolor          | enum('rozowy','czerwony','teczowy','zolty') | YES  |     | NULL    |                |
| id_wlasciciela | int                                         | YES  | MUL | NULL    |                |
+----------------+---------------------------------------------+------+-----+---------+----------------+
4 rows in set (0.00 sec)

mysql> mysql> ALTER TABLE walizka ALTER COLUMN kolor set DEFAULT 'rozowy';
ERROR 1064 (42000): You have an error in your SQL syntax; check the manual that corresponds to your MySQL server version for the right syntax to use near 'mysql> ALTER TABLE walizka ALTER COLUMN kolor set DEFAULT 'rozowy'' at line 1
mysql> mysql> ALTER TABLE walizka MODIFY COLUMN kolor VARCHAR(30) DEFAULT 'rozowy';
ERROR 1064 (42000): You have an error in your SQL syntax; check the manual that corresponds to your MySQL server version for the right syntax to use near 'mysql> ALTER TABLE walizka MODIFY COLUMN kolor VARCHAR(30) DEFAULT 'rozowy'' at line 1
mysql> mysql> ALTER TABLE walizka MODIFY COLUMN kolor VARCHAR(30) DEFAULT 'rozowy';
ERROR 1064 (42000): You have an error in your SQL syntax; check the manual that corresponds to your MySQL server version for the right syntax to use near 'mysql> ALTER TABLE walizka MODIFY COLUMN kolor VARCHAR(30) DEFAULT 'rozowy'' at line 1
mysql> DESC walizka
    -> ;
+----------------+---------------------------------------------+------+-----+---------+----------------+
| Field          | Type                                        | Null | Key | Default | Extra          |
+----------------+---------------------------------------------+------+-----+---------+----------------+
| id_walizki     | int                                         | NO   | PRI | NULL    | auto_increment |
| pojemnosc      | int unsigned                                | YES  |     | NULL    |                |
| kolor          | enum('rozowy','czerwony','teczowy','zolty') | YES  |     | NULL    |                |
| id_wlasciciela | int                                         | YES  | MUL | NULL    |                |
+----------------+---------------------------------------------+------+-----+---------+----------------+
4 rows in set (0.00 sec)

mysql> mysql> ALTER TABLE walizka MODIFY COLUMN kolor VARCHAR(30) DEFAULT 'rozowy';
ERROR 1064 (42000): You have an error in your SQL syntax; check the manual that corresponds to your MySQL server version for the right syntax to use near 'mysql> ALTER TABLE walizka MODIFY COLUMN kolor VARCHAR(30) DEFAULT 'rozowy'' at line 1
mysql> mysql> ALTER TABLE walizka MODIFY COLUMN kolor VARCHAR(30) DEFAULT rozowy;
ERROR 1064 (42000): You have an error in your SQL syntax; check the manual that corresponds to your MySQL server version for the right syntax to use near 'mysql> ALTER TABLE walizka MODIFY COLUMN kolor VARCHAR(30) DEFAULT rozowy' at line 1
mysql> ALTER TABLE walizka ALTER COLUMN kolor set DEFAULT 'rozowy';
Query OK, 0 rows affected (0.01 sec)
Records: 0  Duplicates: 0  Warnings: 0

mysql> DESC walizka
    -> ;
+----------------+---------------------------------------------+------+-----+---------+----------------+
| Field          | Type                                        | Null | Key | Default | Extra          |
+----------------+---------------------------------------------+------+-----+---------+----------------+
| id_walizki     | int                                         | NO   | PRI | NULL    | auto_increment |
| pojemnosc      | int unsigned                                | YES  |     | NULL    |                |
| kolor          | enum('rozowy','czerwony','teczowy','zolty') | YES  |     | rozowy  |                |
| id_wlasciciela | int                                         | YES  | MUL | NULL    |                |
+----------------+---------------------------------------------+------+-----+---------+----------------+
4 rows in set (0.06 sec)

mysql> ^C
mysql> INSERT INTO walizka (id_walizki,pojemnosc,kolor,id_wlasiciela)
    ->     -> VALUES ('1','60','czerwony','3');
ERROR 1064 (42000): You have an error in your SQL syntax; check the manual that corresponds to your MySQL server version for the right syntax to use near '-> VALUES ('1','60','czerwony','3')' at line 2
mysql> INSERT INTO walizka (id_walizki,pojemnosc,kolor,id_wlasiciela)
    ->     -> VALUES ('1','60','czerwony','3');
ERROR 1064 (42000): You have an error in your SQL syntax; check the manual that corresponds to your MySQL server version for the right syntax to use near '-> VALUES ('1','60','czerwony','3')' at line 2
mysql> INSERT INTO walizka (id_walizki,pojemnosc,kolor,id_wlasiciela)
    ->     -> VALUES ('1','60','czerwony','3');
ERROR 1064 (42000): You have an error in your SQL syntax; check the manual that corresponds to your MySQL server version for the right syntax to use near '-> VALUES ('1','60','czerwony','3')' at line 2
mysql> INSERT INTO walizka (id_walizki,pojemnosc,kolor,id_wlasiciela)
    ->     -> VALUES ('1','60','czerwony','3');
ERROR 1064 (42000): You have an error in your SQL syntax; check the manual that corresponds to your MySQL server version for the right syntax to use near '-> VALUES ('1','60','czerwony','3')' at line 2
mysql> INSERT INTO walizka (id_walizki,pojemnosc,kolor,id_wlasiciela) VALUES ('1','60','czerwony','3');
ERROR 1054 (42S22): Unknown column 'id_wlasiciela' in 'field list'
mysql> INSERT INTO walizka (id_walizki,pojemnosc,kolor,id_wlasiciela) VALUES ('1','60','czerwony','1');
ERROR 1054 (42S22): Unknown column 'id_wlasiciela' in 'field list'
mysql> INSERT INTO walizka (id_walizki,pojemnosc,kolor,id_postaci) VALUES ('1','60','czerwony','1');
ERROR 1054 (42S22): Unknown column 'id_postaci' in 'field list'
mysql> INSERT INTO walizka (id_walizki,pojemnosc,kolor,id_wlasciciela) VALUES ('1','60','czerwony','1');
Query OK, 1 row affected (0.00 sec)

mysql> select * from walizka
    -> ;
+------------+-----------+----------+----------------+
| id_walizki | pojemnosc | kolor    | id_wlasciciela |
+------------+-----------+----------+----------------+
|          1 |        60 | czerwony |              1 |
+------------+-----------+----------+----------------+
1 row in set (0.00 sec)

mysql> INSERT INTO walizka (id_walizki,pojemnosc,kolor,id_wlasciciela) VALUES ('2','99','rozowy','3');
Query OK, 1 row affected (0.00 sec)

mysql> select * from walizka
    -> ;
+------------+-----------+----------+----------------+
| id_walizki | pojemnosc | kolor    | id_wlasciciela |
+------------+-----------+----------+----------------+
|          1 |        60 | czerwony |              1 |
|          2 |        99 | rozowy   |              3 |
+------------+-----------+----------+----------------+
2 rows in set (0.00 sec)

mysql>









































